src/components/common/UserGuide.vue(10,22): error TS2345: Argument of type '{ style: { position: string; top: string; left: string; transform: string; bottom?: undefined; right?: undefined; } | { position: string; bottom: string; left: string; transform: string; top?: undefined; right?: undefined; } | { ...; }; class: string; key: number; }' is not assignable to parameter of type 'HTMLAttributes & ReservedProps & Record<string, unknown>'.
  Type '{ style: { position: string; top: string; left: string; transform: string; bottom?: undefined; right?: undefined; } | { position: string; bottom: string; left: string; transform: string; top?: undefined; right?: undefined; } | { ...; }; class: string; key: number; }' is not assignable to type 'HTMLAttributes'.
    Types of property 'style' are incompatible.
      Type '{ position: string; top: string; left: string; transform: string; bottom?: undefined; right?: undefined; } | { position: string; bottom: string; left: string; transform: string; top?: undefined; right?: undefined; } | { ...; }' is not assignable to type 'StyleValue'.
        Type '{ position: string; top: string; left: string; transform: string; bottom?: undefined; right?: undefined; }' is not assignable to type 'StyleValue'.
          Type '{ position: string; top: string; left: string; transform: string; bottom?: undefined; right?: undefined; }' is not assignable to type 'CSSProperties'.
            Types of property 'position' are incompatible.
              Type 'string' is not assignable to type 'Position'.
src/components/common/UserGuide.vue(80,10): error TS2305: Module '"@icon-park/vue-next"' has no exported member 'Lightbulb'.
src/components/neural/StaticPhotoViewer.vue(127,50): error TS2339: Property 'deltaTime' does not exist on type 'number'.
src/components/neural/StaticPhotoViewer.vue(192,9): error TS2353: Object literal may only specify known properties, and 'positions' does not exist in type 'IArrayBuffer'.
src/components/neural/StaticPhotoViewer.vue(197,12): error TS2554: Expected 2-4 arguments, but got 1.
src/components/neural/StaticPhotoViewer.vue(209,37): error TS2339: Property 'positions' does not exist on type 'Geometry'.
src/components/projects/editor/LowerThirdEditor.vue(33,33): error TS2322: Type 'string' is not assignable to type '"bold" | "default" | "gradient" | "minimal"'.
src/components/projects/editor/LowerThirdEditor.vue(56,33): error TS2322: Type 'string' is not assignable to type '"bottom-left" | "bottom-right" | "bottom-center"'.
src/components/projects/editor/LowerThirdEditor.vue(71,33): error TS2322: Type 'string' is not assignable to type '"none" | "fade" | "slide"'.
src/components/projects/editor/ProjectTimeline.vue(346,35): error TS2339: Property 'seg' does not exist on type '{ togglePlay: () => void; isPlaying: boolean; t: (path: string, params?: Record<string, string>) => string; currentVolume: number; updateVolume: () => Promise<void>; fadeOut: number; ... 87 more ...; $loading: { ...; }; }'.
src/components/projects/editor/ProjectTimeline.vue(346,51): error TS2339: Property 'seg' does not exist on type '{ togglePlay: () => void; isPlaying: boolean; t: (path: string, params?: Record<string, string>) => string; currentVolume: number; updateVolume: () => Promise<void>; fadeOut: number; ... 87 more ...; $loading: { ...; }; }'.
src/components/projects/editor/ProjectTimeline.vue(347,33): error TS2339: Property 'seg' does not exist on type '{ togglePlay: () => void; isPlaying: boolean; t: (path: string, params?: Record<string, string>) => string; currentVolume: number; updateVolume: () => Promise<void>; fadeOut: number; ... 87 more ...; $loading: { ...; }; }'.
src/components/projects/editor/ProjectTimeline.vue(347,52): error TS2339: Property 'seg' does not exist on type '{ togglePlay: () => void; isPlaying: boolean; t: (path: string, params?: Record<string, string>) => string; currentVolume: number; updateVolume: () => Promise<void>; fadeOut: number; ... 87 more ...; $loading: { ...; }; }'.
src/components/projects/editor/ProjectTimeline.vue(349,48): error TS2339: Property 'seg' does not exist on type '{ togglePlay: () => void; isPlaying: boolean; t: (path: string, params?: Record<string, string>) => string; currentVolume: number; updateVolume: () => Promise<void>; fadeOut: number; ... 87 more ...; $loading: { ...; }; }'.
src/components/projects/editor/ProjectTimeline.vue(354,77): error TS2339: Property 'seg' does not exist on type '{ togglePlay: () => void; isPlaying: boolean; t: (path: string, params?: Record<string, string>) => string; currentVolume: number; updateVolume: () => Promise<void>; fadeOut: number; ... 87 more ...; $loading: { ...; }; }'.
src/components/projects/editor/ProjectTimeline.vue(368,56): error TS2339: Property 'seg' does not exist on type '{ togglePlay: () => void; isPlaying: boolean; t: (path: string, params?: Record<string, string>) => string; currentVolume: number; updateVolume: () => Promise<void>; fadeOut: number; ... 87 more ...; $loading: { ...; }; }'.
src/components/projects/new/ProjectProductAdsSetup.vue(40,77): error TS2339: Property 'click' does not exist on type 'unknown'.
src/components/projects/VideoPreviewModal.vue(96,10): error TS2614: Module '"@/utils/api"' has no exported member 'api'. Did you mean to use 'import api from "@/utils/api"' instead?
src/components/studio/DirectorNotes.vue(25,37): error TS2339: Property 'boardFeedback' does not exist on type '{ id: string; title: string; description: string; priority: "high" | "low" | "medium"; timestamp: number; actionLabel?: string; actionType?: string; read: boolean; }'.
src/components/studio/DirectorNotes.vue(27,91): error TS2339: Property 'boardFeedback' does not exist on type '{ id: string; title: string; description: string; priority: "high" | "low" | "medium"; timestamp: number; actionLabel?: string; actionType?: string; read: boolean; }'.
src/components/studio/DirectorNotes.vue(30,37): error TS2339: Property 'consensus' does not exist on type '{ id: string; title: string; description: string; priority: "high" | "low" | "medium"; timestamp: number; actionLabel?: string; actionType?: string; read: boolean; }'.
src/components/studio/DirectorNotes.vue(30,55): error TS2339: Property 'consensus' does not exist on type '{ id: string; title: string; description: string; priority: "high" | "low" | "medium"; timestamp: number; actionLabel?: string; actionType?: string; read: boolean; }'.
src/components/studio/DirectorNotes.vue(31,50): error TS2339: Property 'consensus' does not exist on type '{ id: string; title: string; description: string; priority: "high" | "low" | "medium"; timestamp: number; actionLabel?: string; actionType?: string; read: boolean; }'.
src/components/studio/drawers/FilterSettings.vue(38,44): error TS2339: Property 'click' does not exist on type 'unknown'.
src/components/studio/drawers/GraphicSettings.vue(117,43): error TS2305: Module '"@icon-park/vue-next"' has no exported member 'Coffee'.
src/components/studio/GodModePanel.vue(121,24): error TS2724: '"@icon-park/vue-next"' has no exported member named 'Expand'. Did you mean 'ExpandUp'?
src/components/studio/GodModePanel.vue(134,21): error TS2339: Property 'x' does not exist on type 'Ref<{ x: number; y: number; }, { x: number; y: number; } | { x: number; y: number; }>'.
src/components/studio/GodModePanel.vue(135,20): error TS2339: Property 'y' does not exist on type 'Ref<{ x: number; y: number; }, { x: number; y: number; } | { x: number; y: number; }>'.
src/components/studio/StudioStage.vue(66,16): error TS2305: Module '"@icon-park/vue-next"' has no exported member 'Coffee'.
src/components/ui/AutoSaveIndicator.vue(38,37): error TS2307: Cannot find module 'date-fns' or its corresponding type declarations.
src/stores/studio.ts(1026,9): error TS2322: Type '{ beauty: { smoothing: number; brightness: number; sharpen: number; denoise: number; redEye: false; }; background: { mode: "none"; blurLevel: "low"; assetUrl: null; isAssetVideo: false; }; branding: { ...; }; breakMode: { ...; }; specialOverlays: { ...; }; }' is not assignable to type '{ beauty: { smoothing: number; brightness: number; sharpen: number; denoise: number; redEye: boolean; }; background: { mode: "none" | "blur" | "virtual"; blurLevel: "high" | "low" | "medium"; assetUrl: string; isAssetVideo: boolean; }; branding: { ...; }; breakMode: { ...; }; specialOverlays: { ...; }; accessibility...'.
  Property 'accessibility' is missing in type '{ beauty: { smoothing: number; brightness: number; sharpen: number; denoise: number; redEye: false; }; background: { mode: "none"; blurLevel: "low"; assetUrl: null; isAssetVideo: false; }; branding: { ...; }; breakMode: { ...; }; specialOverlays: { ...; }; }' but required in type '{ beauty: { smoothing: number; brightness: number; sharpen: number; denoise: number; redEye: boolean; }; background: { mode: "none" | "blur" | "virtual"; blurLevel: "high" | "low" | "medium"; assetUrl: string; isAssetVideo: boolean; }; branding: { ...; }; breakMode: { ...; }; specialOverlays: { ...; }; accessibility...'.
src/utils/ai/AIAudioAnalyzer.ts(32,48): error TS2345: Argument of type 'Uint8Array<ArrayBufferLike>' is not assignable to parameter of type 'Uint8Array<ArrayBuffer>'.
  Type 'ArrayBufferLike' is not assignable to type 'ArrayBuffer'.
    Type 'SharedArrayBuffer' is missing the following properties from type 'ArrayBuffer': resizable, resize, detached, transfer, transferToFixedLength
src/views/admin/FleetManager.vue(112,10): error TS2300: Duplicate identifier 'ref'.
src/views/admin/FleetManager.vue(112,15): error TS2300: Duplicate identifier 'onMounted'.
src/views/admin/FleetManager.vue(112,26): error TS2300: Duplicate identifier 'computed'.
src/views/admin/FleetManager.vue(113,10): error TS2300: Duplicate identifier 'ref'.
src/views/admin/FleetManager.vue(113,15): error TS2300: Duplicate identifier 'onMounted'.
src/views/admin/FleetManager.vue(113,26): error TS2300: Duplicate identifier 'computed'.
src/views/admin/Overview.vue(163,9): error TS2304: Cannot find name 'api'.
src/views/auth/Onboarding.vue(155,25): error TS2339: Property 'registerOwner' does not exist on type 'Store<"user", Pick<{ user: Ref<any, any>; token: Ref<string, string>; isAuthenticated: ComputedRef<boolean>; isInitialized: Ref<boolean, boolean>; lastFetch: Ref<...>; ... 23 more ...; disconnectSocial: (provider: "youtube" | "facebook") => Promise<...>; }, "token" | ... 4 more ... | "loadingHistory">, Pick<...>, Pi...'.
src/views/user/GeminiLiveChat.vue(380,23): error TS2339: Property 'success' does not exist on type 'AxiosResponse<any, any, {}>'.
src/views/user/GeminiLiveChat.vue(500,44): error TS2353: Object literal may only specify known properties, and 'message' does not exist in type '{ success: boolean; }'.
src/views/user/JoinOrganization.vue(77,24): error TS2339: Property 'acceptInviteByToken' does not exist on type 'Store<"organization", Pick<{ organizations: Ref<any[], any[]>; activeOrg: Ref<any, any>; invitations: Ref<any[], any[]>; loading: Ref<boolean, boolean>; fetchOrganizations: () => Promise<...>; ... 4 more ...; registerOwner: (payload: any) => Promise<...>; }, "loading" | ... 2 more ... | "invitations">, Pick<...>, Pi...'.
src/views/user/License.vue(183,9): error TS2339: Property 'licenses' does not exist on type 'ToRefs<Pick<{ key: Ref<string, string>; status: Ref<"none" | "invalid" | "valid" | "expired", "none" | "invalid" | "valid" | "expired">; tier: Ref<"free" | "trial" | "enterprise" | "pro", "free" | ... 2 more ... | "pro">; ... 10 more ...; fetchAllLicenses: () => Promise<...>; }, "key" | ... 3 more ... | "endDate">> ...'.
src/views/user/License.vue(183,19): error TS2339: Property 'loading' does not exist on type 'ToRefs<Pick<{ key: Ref<string, string>; status: Ref<"none" | "invalid" | "valid" | "expired", "none" | "invalid" | "valid" | "expired">; tier: Ref<"free" | "trial" | "enterprise" | "pro", "free" | ... 2 more ... | "pro">; ... 10 more ...; fetchAllLicenses: () => Promise<...>; }, "key" | ... 3 more ... | "endDate">> ...'.
src/views/user/License.vue(248,16): error TS2551: Property 'fetchLicenses' does not exist on type 'Store<"license", Pick<{ key: Ref<string, string>; status: Ref<"none" | "invalid" | "valid" | "expired", "none" | "invalid" | "valid" | "expired">; tier: Ref<"free" | "trial" | "enterprise" | "pro", "free" | ... 2 more ... | "pro">; ... 10 more ...; fetchAllLicenses: () => Promise<...>; }, "key" | ... 3 more ... | "e...'. Did you mean 'fetchMyLicenses'?
src/views/user/License.vue(274,24): error TS2339: Property 'addLicense' does not exist on type 'Store<"license", Pick<{ key: Ref<string, string>; status: Ref<"none" | "invalid" | "valid" | "expired", "none" | "invalid" | "valid" | "expired">; tier: Ref<"free" | "trial" | "enterprise" | "pro", "free" | ... 2 more ... | "pro">; ... 10 more ...; fetchAllLicenses: () => Promise<...>; }, "key" | ... 3 more ... | "e...'.
src/views/user/License.vue(315,24): error TS2339: Property 'updateLicense' does not exist on type 'Store<"license", Pick<{ key: Ref<string, string>; status: Ref<"none" | "invalid" | "valid" | "expired", "none" | "invalid" | "valid" | "expired">; tier: Ref<"free" | "trial" | "enterprise" | "pro", "free" | ... 2 more ... | "pro">; ... 10 more ...; fetchAllLicenses: () => Promise<...>; }, "key" | ... 3 more ... | "e...'.
src/views/user/License.vue(370,24): error TS2339: Property 'deleteLicense' does not exist on type 'Store<"license", Pick<{ key: Ref<string, string>; status: Ref<"none" | "invalid" | "valid" | "expired", "none" | "invalid" | "valid" | "expired">; tier: Ref<"free" | "trial" | "enterprise" | "pro", "free" | ... 2 more ... | "pro">; ... 10 more ...; fetchAllLicenses: () => Promise<...>; }, "key" | ... 3 more ... | "e...'.
src/views/user/LiveStudio.vue(822,21): error TS2339: Property 'updateProductScarcity' does not exist on type 'Store<"studio", Pick<{ activeScene: Ref<{ id: string; type: SceneType; name: string; icon: string; description: string; layout: { regions: { id: string; x: number; y: number; width: number; height: number; ... 5 more ...; shadow?: { ...; }; }[]; }; hotkey?: string; }, Scene | { ...; }>; ... 81 more ...; setMedia(id:...'.
src/views/user/LiveStudio.vue(824,21): error TS2339: Property 'triggerStreamSummary' does not exist on type 'Store<"studio", Pick<{ activeScene: Ref<{ id: string; type: SceneType; name: string; icon: string; description: string; layout: { regions: { id: string; x: number; y: number; width: number; height: number; ... 5 more ...; shadow?: { ...; }; }[]; }; hotkey?: string; }, Scene | { ...; }>; ... 81 more ...; setMedia(id:...'.
src/views/user/LiveStudio.vue(826,21): error TS2339: Property 'setTranslationMode' does not exist on type 'Store<"studio", Pick<{ activeScene: Ref<{ id: string; type: SceneType; name: string; icon: string; description: string; layout: { regions: { id: string; x: number; y: number; width: number; height: number; ... 5 more ...; shadow?: { ...; }; }[]; }; hotkey?: string; }, Scene | { ...; }>; ... 81 more ...; setMedia(id:...'.
src/views/user/ProductAdWizard.vue(15,8): error TS2345: Argument of type '{ initial: { opacity: number; x: number; }; enter: { opacity: number; x: number; }; exit: { opacity: number; x: number; }; transition: { duration: number; ease: string; }; class: string; key: string; }' is not assignable to parameter of type '{ draggable?: Booleanish; title?: string; class?: any; inputmode?: "url" | "search" | "text" | "email" | "tel" | "none" | "numeric" | "decimal"; id?: string; placeholder?: string; ... 243 more ...; onPanEnd?: (event: PointerEvent, info: PanInfo) => void; } & VNodeProps & AllowedComponentProps & ComponentCustomProps'.
  Type '{ initial: { opacity: number; x: number; }; enter: { opacity: number; x: number; }; exit: { opacity: number; x: number; }; transition: { duration: number; ease: string; }; class: string; key: string; }' is not assignable to type '{ draggable?: Booleanish; title?: string; class?: any; inputmode?: "url" | "search" | "text" | "email" | "tel" | "none" | "numeric" | "decimal"; id?: string; placeholder?: string; ... 243 more ...; onPanEnd?: (event: PointerEvent, info: PanInfo) => void; }'.
    Types of property 'transition' are incompatible.
      Type '{ duration: number; ease: string; }' is not assignable to type 'Transition<any> & { layout?: Transition<any>; }'.
        Type '{ duration: number; ease: string; }' is not assignable to type 'ValueAnimationTransition<any> & StyleTransitions & SVGPathTransitions & SVGForcedAttrTransitions & SVGTransitions & VariableTransitions & { ...; } & { ...; }'.
          Type '{ duration: number; ease: string; }' is not assignable to type 'ValueAnimationTransition<any>'.
            Types of property 'ease' are incompatible.
              Type 'string' is not assignable to type 'Easing | Easing[]'.
src/views/user/ProductAdWizard.vue(53,8): error TS2345: Argument of type '{ initial: { opacity: number; x: number; }; enter: { opacity: number; x: number; }; exit: { opacity: number; x: number; }; transition: { duration: number; ease: string; }; class: string; key: string; }' is not assignable to parameter of type '{ draggable?: Booleanish; title?: string; class?: any; inputmode?: "url" | "search" | "text" | "email" | "tel" | "none" | "numeric" | "decimal"; id?: string; placeholder?: string; ... 243 more ...; onPanEnd?: (event: PointerEvent, info: PanInfo) => void; } & VNodeProps & AllowedComponentProps & ComponentCustomProps'.
  Type '{ initial: { opacity: number; x: number; }; enter: { opacity: number; x: number; }; exit: { opacity: number; x: number; }; transition: { duration: number; ease: string; }; class: string; key: string; }' is not assignable to type '{ draggable?: Booleanish; title?: string; class?: any; inputmode?: "url" | "search" | "text" | "email" | "tel" | "none" | "numeric" | "decimal"; id?: string; placeholder?: string; ... 243 more ...; onPanEnd?: (event: PointerEvent, info: PanInfo) => void; }'.
    Types of property 'transition' are incompatible.
      Type '{ duration: number; ease: string; }' is not assignable to type 'Transition<any> & { layout?: Transition<any>; }'.
        Type '{ duration: number; ease: string; }' is not assignable to type 'ValueAnimationTransition<any> & StyleTransitions & SVGPathTransitions & SVGForcedAttrTransitions & SVGTransitions & VariableTransitions & { ...; } & { ...; }'.
          Type '{ duration: number; ease: string; }' is not assignable to type 'ValueAnimationTransition<any>'.
            Types of property 'ease' are incompatible.
              Type 'string' is not assignable to type 'Easing | Easing[]'.
src/views/user/ProductAdWizard.vue(98,8): error TS2345: Argument of type '{ initial: { opacity: number; x: number; }; enter: { opacity: number; x: number; }; exit: { opacity: number; x: number; }; transition: { duration: number; ease: string; }; class: string; key: string; }' is not assignable to parameter of type '{ draggable?: Booleanish; title?: string; class?: any; inputmode?: "url" | "search" | "text" | "email" | "tel" | "none" | "numeric" | "decimal"; id?: string; placeholder?: string; ... 243 more ...; onPanEnd?: (event: PointerEvent, info: PanInfo) => void; } & VNodeProps & AllowedComponentProps & ComponentCustomProps'.
  Type '{ initial: { opacity: number; x: number; }; enter: { opacity: number; x: number; }; exit: { opacity: number; x: number; }; transition: { duration: number; ease: string; }; class: string; key: string; }' is not assignable to type '{ draggable?: Booleanish; title?: string; class?: any; inputmode?: "url" | "search" | "text" | "email" | "tel" | "none" | "numeric" | "decimal"; id?: string; placeholder?: string; ... 243 more ...; onPanEnd?: (event: PointerEvent, info: PanInfo) => void; }'.
    Types of property 'transition' are incompatible.
      Type '{ duration: number; ease: string; }' is not assignable to type 'Transition<any> & { layout?: Transition<any>; }'.
        Type '{ duration: number; ease: string; }' is not assignable to type 'ValueAnimationTransition<any> & StyleTransitions & SVGPathTransitions & SVGForcedAttrTransitions & SVGTransitions & VariableTransitions & { ...; } & { ...; }'.
          Type '{ duration: number; ease: string; }' is not assignable to type 'ValueAnimationTransition<any>'.
            Types of property 'ease' are incompatible.
              Type 'string' is not assignable to type 'Easing | Easing[]'.
src/views/user/ProductAdWizard.vue(134,8): error TS2345: Argument of type '{ initial: { opacity: number; x: number; }; enter: { opacity: number; x: number; }; exit: { opacity: number; x: number; }; transition: { duration: number; ease: string; }; class: string; key: string; }' is not assignable to parameter of type '{ draggable?: Booleanish; title?: string; class?: any; inputmode?: "url" | "search" | "text" | "email" | "tel" | "none" | "numeric" | "decimal"; id?: string; placeholder?: string; ... 243 more ...; onPanEnd?: (event: PointerEvent, info: PanInfo) => void; } & VNodeProps & AllowedComponentProps & ComponentCustomProps'.
  Type '{ initial: { opacity: number; x: number; }; enter: { opacity: number; x: number; }; exit: { opacity: number; x: number; }; transition: { duration: number; ease: string; }; class: string; key: string; }' is not assignable to type '{ draggable?: Booleanish; title?: string; class?: any; inputmode?: "url" | "search" | "text" | "email" | "tel" | "none" | "numeric" | "decimal"; id?: string; placeholder?: string; ... 243 more ...; onPanEnd?: (event: PointerEvent, info: PanInfo) => void; }'.
    Types of property 'transition' are incompatible.
      Type '{ duration: number; ease: string; }' is not assignable to type 'Transition<any> & { layout?: Transition<any>; }'.
        Type '{ duration: number; ease: string; }' is not assignable to type 'ValueAnimationTransition<any> & StyleTransitions & SVGPathTransitions & SVGForcedAttrTransitions & SVGTransitions & VariableTransitions & { ...; } & { ...; }'.
          Type '{ duration: number; ease: string; }' is not assignable to type 'ValueAnimationTransition<any>'.
            Types of property 'ease' are incompatible.
              Type 'string' is not assignable to type 'Easing | Easing[]'.
src/views/video-editor/api/ai.ts(69,3): error TS2322: Type '{ product: { name: string; description: string; images: { id: number; url: string; }[]; id?: number; business_id?: number; currency?: string; tags?: string[]; selling_price?: number; original_price?: number; ... 6 more ...; category?: string; }; brand: { ...; }; } | { ...; }' is not assignable to type '{ product: { name: string; description: string; images: { id: number; url: string; }[]; id?: number; business_id?: number; currency?: string; tags?: string[]; selling_price?: number; original_price?: number; site_url?: string; ... 5 more ...; category?: string; }; brand: { ...; }; }'.
  Type '{ data: { product: { name: string; description: string; images: { id: number; url: string; }[]; id?: number; business_id?: number; currency?: string; tags?: string[]; selling_price?: number; original_price?: number; ... 6 more ...; category?: string; }; brand: { ...; }; }; }' is missing the following properties from type '{ product: { name: string; description: string; images: { id: number; url: string; }[]; id?: number; business_id?: number; currency?: string; tags?: string[]; selling_price?: number; original_price?: number; site_url?: string; ... 5 more ...; category?: string; }; brand: { ...; }; }': product, brand
src/views/video-editor/components/ai/magic-write.vue(24,3): error TS2322: Type '(product: { name: string; description: string; images: { id: number; url: string; }[]; id?: number; business_id?: number; currency?: string; tags?: string[]; selling_price?: number; original_price?: number; site_url?: string; ... 5 more ...; category?: string; }, objective: string) => Promise<...>' is not assignable to type 'QueryFunction'.
  Type 'Promise<string[] | GenerateContentResponse>' is not assignable to type 'Promise<string[]>'.
    Type 'string[] | GenerateContentResponse' is not assignable to type 'string[]'.
      Type 'GenerateContentResponse' is missing the following properties from type 'string[]': length, pop, push, concat, and 35 more.
src/views/video-editor/components/ai/magic-write.vue(25,3): error TS2322: Type '(product: { name: string; description: string; images: { id: number; url: string; }[]; id?: number; business_id?: number; currency?: string; tags?: string[]; selling_price?: number; original_price?: number; site_url?: string; ... 5 more ...; category?: string; }, _objective: string) => Promise<...>' is not assignable to type 'QueryFunction'.
  Type 'Promise<string[] | GenerateContentResponse>' is not assignable to type 'Promise<string[]>'.
    Type 'string[] | GenerateContentResponse' is not assignable to type 'string[]'.
      Type 'GenerateContentResponse' is missing the following properties from type 'string[]': length, pop, push, concat, and 35 more.
src/views/video-editor/components/ai/magic-write.vue(26,3): error TS2322: Type '(product: { name: string; description: string; images: { id: number; url: string; }[]; id?: number; business_id?: number; currency?: string; tags?: string[]; selling_price?: number; original_price?: number; site_url?: string; ... 5 more ...; category?: string; }, _objective: string) => Promise<...>' is not assignable to type 'QueryFunction'.
  Type 'Promise<string[] | GenerateContentResponse>' is not assignable to type 'Promise<string[]>'.
    Type 'string[] | GenerateContentResponse' is not assignable to type 'string[]'.
      Type 'GenerateContentResponse' is missing the following properties from type 'string[]': length, pop, push, concat, and 35 more.
src/views/video-editor/fabric/utils.ts(378,90): error TS2339: Property 'length' does not exist on type 'string[] | GenerateContentResponse'.
  Property 'length' does not exist on type 'GenerateContentResponse'.
src/views/video-editor/fabric/utils.ts(383,100): error TS2339: Property 'length' does not exist on type 'string[] | GenerateContentResponse'.
  Property 'length' does not exist on type 'GenerateContentResponse'.
src/views/video-editor/fabric/utils.ts(388,106): error TS2339: Property 'length' does not exist on type 'string[] | GenerateContentResponse'.
  Property 'length' does not exist on type 'GenerateContentResponse'.
src/views/video-editor/layout/footer/EditorFooter2.vue(186,56): error TS2339: Property 'capture' does not exist on type 'number'.
src/views/video-editor/layout/footer/EditorFooter2.vue(186,82): error TS2339: Property 'compile' does not exist on type 'number'.
src/views/video-editor/layout/sidebar-left/components/cloud.vue(114,26): error TS2551: Property 'addImage' does not exist on type 'Store<"editor", EditorStoreState, { instance(state: { _editor: { id: string; name: string; mode: EditorMode; dimension: { width: number; height: number; }; page: number; ... 79 more ...; setTimelineZoom: (zoom: number) => void; }; tick: number; thumbnailTick: number; isHeadless: boolean; targetRatio: string; } & Pin...'. Did you mean 'addPage'?
src/views/video-editor/layout/sidebar-left/components/cloud.vue(116,26): error TS2339: Property 'addVideo' does not exist on type 'Store<"editor", EditorStoreState, { instance(state: { _editor: { id: string; name: string; mode: EditorMode; dimension: { width: number; height: number; }; page: number; ... 79 more ...; setTimelineZoom: (zoom: number) => void; }; tick: number; thumbnailTick: number; isHeadless: boolean; targetRatio: string; } & Pin...'.
src/views/video-editor/layout/sidebar-left/components/cloud.vue(118,26): error TS2339: Property 'addAudio' does not exist on type 'Store<"editor", EditorStoreState, { instance(state: { _editor: { id: string; name: string; mode: EditorMode; dimension: { width: number; height: number; }; page: number; ... 79 more ...; setTimelineZoom: (zoom: number) => void; }; tick: number; thumbnailTick: number; isHeadless: boolean; targetRatio: string; } & Pin...'.
src/views/video-editor/layout/sidebar-left/components/ExpandedAiView.vue(121,17): error TS2339: Property 'success' does not exist on type '{ media: any; url: string; } | { success: boolean; data: { media: any; url: string; }; }'.
  Property 'success' does not exist on type '{ media: any; url: string; }'.
src/views/video-editor/layout/sidebar-left/components/ExpandedAiView.vue(121,32): error TS2339: Property 'data' does not exist on type '{ media: any; url: string; } | { success: boolean; data: { media: any; url: string; }; }'.
  Property 'data' does not exist on type '{ media: any; url: string; }'.
src/views/video-editor/layout/sidebar-left/components/ExpandedAiView.vue(123,52): error TS2339: Property 'data' does not exist on type '{ media: any; url: string; } | { success: boolean; data: { media: any; url: string; }; }'.
  Property 'data' does not exist on type '{ media: any; url: string; }'.
src/views/video-editor/layout/sidebar-left/components/ExpandedAiView.vue(126,43): error TS2339: Property 'data' does not exist on type '{ media: any; url: string; } | { success: boolean; data: { media: any; url: string; }; }'.
  Property 'data' does not exist on type '{ media: any; url: string; }'.
src/views/video-editor/layout/sidebar-left/components/ExpandedAiView.vue(128,45): error TS2339: Property 'data' does not exist on type '{ media: any; url: string; } | { success: boolean; data: { media: any; url: string; }; }'.
  Property 'data' does not exist on type '{ media: any; url: string; }'.
src/views/video-editor/layout/sidebar-left/components/ExpandedAiView.vue(128,78): error TS2339: Property 'data' does not exist on type '{ media: any; url: string; } | { success: boolean; data: { media: any; url: string; }; }'.
  Property 'data' does not exist on type '{ media: any; url: string; }'.
src/views/video-editor/layout/sidebar-left/components/ExpandedAiView.vue(138,17): error TS2339: Property 'success' does not exist on type '{ media: any; url: string; } | { success: boolean; data: { media: any; url: string; }; }'.
  Property 'success' does not exist on type '{ media: any; url: string; }'.
src/views/video-editor/layout/sidebar-left/components/ExpandedAiView.vue(138,32): error TS2339: Property 'data' does not exist on type '{ media: any; url: string; } | { success: boolean; data: { media: any; url: string; }; }'.
  Property 'data' does not exist on type '{ media: any; url: string; }'.
src/views/video-editor/layout/sidebar-left/components/ExpandedAiView.vue(140,52): error TS2339: Property 'data' does not exist on type '{ media: any; url: string; } | { success: boolean; data: { media: any; url: string; }; }'.
  Property 'data' does not exist on type '{ media: any; url: string; }'.
src/views/video-editor/layout/sidebar-left/components/ExpandedAiView.vue(150,17): error TS2339: Property 'success' does not exist on type '{ jobId: string; } | { success: boolean; data: { jobId: string; }; }'.
  Property 'success' does not exist on type '{ jobId: string; }'.
src/views/video-editor/layout/sidebar-left/components/ExpandedAiView.vue(203,17): error TS2339: Property 'success' does not exist on type '{ scenes: any[]; } | { success: boolean; data: { scenes: any[]; }; }'.
  Property 'success' does not exist on type '{ scenes: any[]; }'.
src/views/video-editor/layout/sidebar-left/components/ExpandedAiView.vue(203,32): error TS2339: Property 'data' does not exist on type '{ scenes: any[]; } | { success: boolean; data: { scenes: any[]; }; }'.
  Property 'data' does not exist on type '{ scenes: any[]; }'.
src/views/video-editor/layout/sidebar-left/components/ExpandedAiView.vue(204,38): error TS2339: Property 'data' does not exist on type '{ scenes: any[]; } | { success: boolean; data: { scenes: any[]; }; }'.
  Property 'data' does not exist on type '{ scenes: any[]; }'.
src/views/video-editor/layout/sidebar-left/components/ExpandedAiView.vue(205,41): error TS2339: Property 'data' does not exist on type '{ scenes: any[]; } | { success: boolean; data: { scenes: any[]; }; }'.
  Property 'data' does not exist on type '{ scenes: any[]; }'.
src/views/video-editor/layout/sidebar-left/components/ExpandedAiView.vue(217,17): error TS2339: Property 'success' does not exist on type '{ beats: number[]; } | { success: boolean; data: { beats: number[]; }; }'.
  Property 'success' does not exist on type '{ beats: number[]; }'.
src/views/video-editor/layout/sidebar-left/components/ExpandedAiView.vue(217,32): error TS2339: Property 'data' does not exist on type '{ beats: number[]; } | { success: boolean; data: { beats: number[]; }; }'.
  Property 'data' does not exist on type '{ beats: number[]; }'.
src/views/video-editor/layout/sidebar-left/components/ExpandedAiView.vue(218,37): error TS2339: Property 'data' does not exist on type '{ beats: number[]; } | { success: boolean; data: { beats: number[]; }; }'.
  Property 'data' does not exist on type '{ beats: number[]; }'.
src/views/video-editor/layout/sidebar-left/components/ExpandedAiView.vue(219,41): error TS2339: Property 'data' does not exist on type '{ beats: number[]; } | { success: boolean; data: { beats: number[]; }; }'.
  Property 'data' does not exist on type '{ beats: number[]; }'.
src/views/video-editor/layout/sidebar-left/components/ExpandedAiView.vue(235,17): error TS2339: Property 'success' does not exist on type '{ regions: { start: number; end: number; }[]; } | { success: boolean; data: { regions: { start: number; end: number; }[]; }; }'.
  Property 'success' does not exist on type '{ regions: { start: number; end: number; }[]; }'.
src/views/video-editor/layout/sidebar-left/components/ExpandedAiView.vue(235,32): error TS2339: Property 'data' does not exist on type '{ regions: { start: number; end: number; }[]; } | { success: boolean; data: { regions: { start: number; end: number; }[]; }; }'.
  Property 'data' does not exist on type '{ regions: { start: number; end: number; }[]; }'.
src/views/video-editor/layout/sidebar-left/components/ExpandedAiView.vue(236,39): error TS2339: Property 'data' does not exist on type '{ regions: { start: number; end: number; }[]; } | { success: boolean; data: { regions: { start: number; end: number; }[]; }; }'.
  Property 'data' does not exist on type '{ regions: { start: number; end: number; }[]; }'.
src/views/video-editor/layout/sidebar-left/components/ExpandedAiView.vue(237,43): error TS2339: Property 'data' does not exist on type '{ regions: { start: number; end: number; }[]; } | { success: boolean; data: { regions: { start: number; end: number; }[]; }; }'.
  Property 'data' does not exist on type '{ regions: { start: number; end: number; }[]; }'.
src/views/video-editor/layout/sidebar-left/components/ExpandedAiView.vue(248,63): error TS2339: Property 'id' does not exist on type '{ _id: string; key: string; url: string; fileName: string; contentType: string; purpose: string; metadata?: any; createdAt: string; }'.
src/views/video-editor/layout/sidebar-left/components/ExpandedAiView.vue(257,63): error TS2339: Property 'id' does not exist on type '{ _id: string; key: string; url: string; fileName: string; contentType: string; purpose: string; metadata?: any; createdAt: string; }'.
src/views/video-editor/layout/sidebar-left/components/ExpandedAiView.vue(274,63): error TS2339: Property 'id' does not exist on type '{ _id: string; key: string; url: string; fileName: string; contentType: string; purpose: string; metadata?: any; createdAt: string; }'.
src/views/video-editor/layout/sidebar-left/components/ExpandedAiView.vue(292,37): error TS2304: Cannot find name 'api'.
src/views/video-editor/layout/sidebar-left/components/ExpandedAiView.vue(315,63): error TS2339: Property 'id' does not exist on type '{ _id: string; key: string; url: string; fileName: string; contentType: string; purpose: string; metadata?: any; createdAt: string; }'.
src/views/video-editor/layout/sidebar-left/components/ExpandedAiView.vue(330,63): error TS2339: Property 'id' does not exist on type '{ _id: string; key: string; url: string; fileName: string; contentType: string; purpose: string; metadata?: any; createdAt: string; }'.
src/views/video-editor/layout/sidebar-left/components/ExpandedAiView.vue(345,63): error TS2339: Property 'id' does not exist on type '{ _id: string; key: string; url: string; fileName: string; contentType: string; purpose: string; metadata?: any; createdAt: string; }'.
src/views/video-editor/layout/sidebar-left/components/ExpandedAiView.vue(365,63): error TS2339: Property 'id' does not exist on type '{ _id: string; key: string; url: string; fileName: string; contentType: string; purpose: string; metadata?: any; createdAt: string; }'.
src/views/video-editor/layout/sidebar-left/components/ExpandedAiView.vue(396,63): error TS2339: Property 'id' does not exist on type '{ _id: string; key: string; url: string; fileName: string; contentType: string; purpose: string; metadata?: any; createdAt: string; }'.
src/views/video-editor/layout/sidebar-left/components/ExpandedAiView.vue(422,63): error TS2339: Property 'id' does not exist on type '{ _id: string; key: string; url: string; fileName: string; contentType: string; purpose: string; metadata?: any; createdAt: string; }'.
src/views/video-editor/layout/sidebar-left/components/ExpandedAiView.vue(448,63): error TS2339: Property 'id' does not exist on type '{ _id: string; key: string; url: string; fileName: string; contentType: string; purpose: string; metadata?: any; createdAt: string; }'.
src/views/video-editor/layout/sidebar-left/components/ExpandedAiView.vue(474,63): error TS2339: Property 'id' does not exist on type '{ _id: string; key: string; url: string; fileName: string; contentType: string; purpose: string; metadata?: any; createdAt: string; }'.
src/views/video-editor/layout/sidebar-left/components/ExpandedAiView.vue(500,63): error TS2339: Property 'id' does not exist on type '{ _id: string; key: string; url: string; fileName: string; contentType: string; purpose: string; metadata?: any; createdAt: string; }'.
src/views/video-editor/layout/sidebar-left/components/ExpandedAiView.vue(532,57): error TS2339: Property 'id' does not exist on type '{ _id: string; key: string; url: string; fileName: string; contentType: string; purpose: string; metadata?: any; createdAt: string; }'.
src/views/video-editor/layout/sidebar-left/components/ExpandedAiView.vue(591,57): error TS2339: Property 'id' does not exist on type '{ _id: string; key: string; url: string; fileName: string; contentType: string; purpose: string; metadata?: any; createdAt: string; }'.
src/views/video-editor/layout/sidebar-left/components/ExpandedAiView.vue(757,70): error TS2339: Property 'id' does not exist on type 'string | number | boolean | { _id: string; key: string; url: string; fileName: string; contentType: string; purpose: string; metadata?: any; createdAt: string; }[]'.
  Property 'id' does not exist on type 'string'.
src/views/video-editor/layout/sidebar-left/components/ExpandedAiView.vue(757,84): error TS2339: Property 'fileName' does not exist on type 'string | number | boolean | { _id: string; key: string; url: string; fileName: string; contentType: string; purpose: string; metadata?: any; createdAt: string; }[]'.
  Property 'fileName' does not exist on type 'string'.
src/views/video-editor/layout/sidebar-left/components/ExpandedAiView.vue(757,104): error TS2339: Property 'id' does not exist on type 'string | number | boolean | { _id: string; key: string; url: string; fileName: string; contentType: string; purpose: string; metadata?: any; createdAt: string; }[]'.
  Property 'id' does not exist on type 'string'.
src/views/video-editor/layout/sidebar-left/components/ExpandedAiView.vue(812,76): error TS2339: Property 'id' does not exist on type '{ _id: string; key: string; url: string; fileName: string; contentType: string; purpose: string; metadata?: any; createdAt: string; }'.
src/views/video-editor/layout/sidebar-left/components/ExpandedAiView.vue(812,110): error TS2339: Property 'id' does not exist on type '{ _id: string; key: string; url: string; fileName: string; contentType: string; purpose: string; metadata?: any; createdAt: string; }'.
src/views/video-editor/layout/sidebar-left/components/ExpandedAiView.vue(858,70): error TS2339: Property 'id' does not exist on type 'string | number | boolean | { _id: string; key: string; url: string; fileName: string; contentType: string; purpose: string; metadata?: any; createdAt: string; }[]'.
  Property 'id' does not exist on type 'string'.
src/views/video-editor/layout/sidebar-left/components/ExpandedAiView.vue(858,84): error TS2339: Property 'fileName' does not exist on type 'string | number | boolean | { _id: string; key: string; url: string; fileName: string; contentType: string; purpose: string; metadata?: any; createdAt: string; }[]'.
  Property 'fileName' does not exist on type 'string'.
src/views/video-editor/layout/sidebar-left/components/ExpandedAiView.vue(858,104): error TS2339: Property 'id' does not exist on type 'string | number | boolean | { _id: string; key: string; url: string; fileName: string; contentType: string; purpose: string; metadata?: any; createdAt: string; }[]'.
  Property 'id' does not exist on type 'string'.
src/views/video-editor/layout/sidebar-left/components/ExpandedAiView.vue(943,76): error TS2339: Property 'id' does not exist on type '{ _id: string; key: string; url: string; fileName: string; contentType: string; purpose: string; metadata?: any; createdAt: string; }'.
src/views/video-editor/layout/sidebar-left/components/ExpandedAiView.vue(944,32): error TS2339: Property 'id' does not exist on type '{ _id: string; key: string; url: string; fileName: string; contentType: string; purpose: string; metadata?: any; createdAt: string; }'.
src/views/video-editor/layout/sidebar-left/components/ExpandedAiView.vue(1012,76): error TS2339: Property 'id' does not exist on type '{ _id: string; key: string; url: string; fileName: string; contentType: string; purpose: string; metadata?: any; createdAt: string; }'.
src/views/video-editor/layout/sidebar-left/components/ExpandedAiView.vue(1013,32): error TS2339: Property 'id' does not exist on type '{ _id: string; key: string; url: string; fileName: string; contentType: string; purpose: string; metadata?: any; createdAt: string; }'.
src/views/video-editor/layout/sidebar-left/components/ExpandedAiView.vue(1072,76): error TS2339: Property 'id' does not exist on type '{ _id: string; key: string; url: string; fileName: string; contentType: string; purpose: string; metadata?: any; createdAt: string; }'.
src/views/video-editor/layout/sidebar-left/components/ExpandedAiView.vue(1072,110): error TS2339: Property 'id' does not exist on type '{ _id: string; key: string; url: string; fileName: string; contentType: string; purpose: string; metadata?: any; createdAt: string; }'.
src/views/video-editor/layout/sidebar-left/components/ExpandedAiView.vue(1121,76): error TS2339: Property 'id' does not exist on type '{ _id: string; key: string; url: string; fileName: string; contentType: string; purpose: string; metadata?: any; createdAt: string; }'.
src/views/video-editor/layout/sidebar-left/components/ExpandedAiView.vue(1121,110): error TS2339: Property 'id' does not exist on type '{ _id: string; key: string; url: string; fileName: string; contentType: string; purpose: string; metadata?: any; createdAt: string; }'.
src/views/video-editor/layout/sidebar-left/components/ExpandedAiView.vue(1162,76): error TS2339: Property 'id' does not exist on type '{ _id: string; key: string; url: string; fileName: string; contentType: string; purpose: string; metadata?: any; createdAt: string; }'.
src/views/video-editor/layout/sidebar-left/components/ExpandedAiView.vue(1162,110): error TS2339: Property 'id' does not exist on type '{ _id: string; key: string; url: string; fileName: string; contentType: string; purpose: string; metadata?: any; createdAt: string; }'.
src/views/video-editor/layout/sidebar-left/components/ExpandedAiView.vue(1203,76): error TS2339: Property 'id' does not exist on type '{ _id: string; key: string; url: string; fileName: string; contentType: string; purpose: string; metadata?: any; createdAt: string; }'.
src/views/video-editor/layout/sidebar-left/components/ExpandedAiView.vue(1204,32): error TS2339: Property 'id' does not exist on type '{ _id: string; key: string; url: string; fileName: string; contentType: string; purpose: string; metadata?: any; createdAt: string; }'.
src/views/video-editor/layout/sidebar-left/components/ExpandedAiView.vue(1261,76): error TS2339: Property 'id' does not exist on type '{ _id: string; key: string; url: string; fileName: string; contentType: string; purpose: string; metadata?: any; createdAt: string; }'.
src/views/video-editor/layout/sidebar-left/components/ExpandedAiView.vue(1262,32): error TS2339: Property 'id' does not exist on type '{ _id: string; key: string; url: string; fileName: string; contentType: string; purpose: string; metadata?: any; createdAt: string; }'.
src/views/video-editor/layout/sidebar-left/components/ExpandedAiView.vue(1309,76): error TS2339: Property 'id' does not exist on type '{ _id: string; key: string; url: string; fileName: string; contentType: string; purpose: string; metadata?: any; createdAt: string; }'.
src/views/video-editor/layout/sidebar-left/components/ExpandedAiView.vue(1310,32): error TS2339: Property 'id' does not exist on type '{ _id: string; key: string; url: string; fileName: string; contentType: string; purpose: string; metadata?: any; createdAt: string; }'.
src/views/video-editor/layout/sidebar-right/components/AudioEffectsController.vue(17,16): error TS2339: Property 'selection' does not exist on type 'Store<"editor", EditorStoreState, { instance(state: { _editor: { id: string; name: string; mode: EditorMode; dimension: { width: number; height: number; }; page: number; ... 79 more ...; setTimelineZoom: (zoom: number) => void; }; tick: number; thumbnailTick: number; isHeadless: boolean; targetRatio: string; } & Pin...'.
src/views/video-editor/layout/sidebar-right/components/AudioEffectsController.vue(18,53): error TS2339: Property 'selection' does not exist on type 'Store<"editor", EditorStoreState, { instance(state: { _editor: { id: string; name: string; mode: EditorMode; dimension: { width: number; height: number; }; page: number; ... 79 more ...; setTimelineZoom: (zoom: number) => void; }; tick: number; thumbnailTick: number; isHeadless: boolean; targetRatio: string; } & Pin...'.
src/views/video-editor/layout/sidebar-right/components/transition.vue(69,5): error TS2322: Type 'string' is not assignable to type '"none" | "blur" | "circle" | "fade" | "wipe" | "slide" | "zoom-in" | "zoom-out" | "dip-to-black" | "dip-to-white" | "glitch" | "morph" | "light-leak" | "zoom-blur" | "cube" | "flip"'.
src/views/video-editor/plugins/editor.ts(295,7): error TS2686: 'fabric' refers to a UMD global, but the current file is a module. Consider adding an import instead.
src/views/video-editor/plugins/editor.ts(310,32): error TS2686: 'fabric' refers to a UMD global, but the current file is a module. Consider adding an import instead.
src/views/video-editor/plugins/editor.ts(321,23): error TS2686: 'fabric' refers to a UMD global, but the current file is a module. Consider adding an import instead.
